*============================================================================
*
* FSE driver info:
*     Year: 1983, day:   1, System start
*
* Modules used:
*     SETPMD: Penman evapotranspiration
*     DRSAHE: Tipping bucket water balance version 1.4
*     CASE2: Cacao at water limited production 2.2

 Data file   SOIL.DAT with  28 variables parsed by RDINDX
 WARNING from DRSAHE: initial soil moisture in hydrostatic equilibrium
 not implemented. Instead, field capacity is used.
*
* FSE driver info:
*     Year: 1993, day: 365, System end
*----------------------------------------------------------------------------
* Output table number  :  0 (=first output table)
* Output table format  : Spreadsheet output
* Simulation results
* CACAO
* CASE2, CAcao Simulation Engine     Version 2.2
*        February 2002
 
TIME	AGEYR	WTOT	WTOTPP	WRT	WTRT	WLRT	WLV	WWD	WPD	WPDCUM	WBNCUM	YRDD	YRAIN	YTRANS	YGPHOT	YGTOT	YLVD	YWDD	YYLDPD	YYLDBN	YHI	YHINCR	YMNBH	YMNLAI	YMNIPOD	YHARPD	YRDEFF	YRNEFF	YNLOSS	YPLOSS	YKLOSS	YEAR
 
   365.000    	  5.1068    	  31276.    	  31.276    	  5823.5    	  1616.9    	  4206.6    	  4977.4    	  19124.    	  1351.4    	  8075.9    	  4225.8    	  8639.7    	  1579.0    	  744.95    	  86855.    	  25848.    	  6465.6    	  491.22    	  8103.9    	  4240.4    	 0.16660    	 0.18099    	  1.6190    	  4.3011    	  141.50    	 1.27212E+05	 0.49081    	  2.6855    	  89.049    	  16.962    	  40.284    	  1983.0    
   731.000    	  6.1096    	  37872.    	  37.872    	  6884.8    	  1895.5    	  4989.3    	  5952.1    	  23492.    	  1542.3    	  19094.    	  9991.0    	  8389.2    	  2679.0    	  794.42    	 1.06392E+05	  28240.    	  8989.1    	  695.05    	  11022.    	  5767.2    	 0.18612    	 0.22058    	  1.6822    	  6.3162    	  141.25    	 1.73016E+05	 0.68746    	  2.1527    	  121.11    	  23.069    	  54.788    	  1984.0    
   1096.00    	  7.1096    	  39094.    	  39.094    	  7159.9    	  1958.3    	  5201.6    	  6002.1    	  24483.    	  1449.2    	  30694.    	  16061.    	  8597.7    	  1999.0    	  837.64    	 1.06566E+05	  25366.    	  10696.    	  821.25    	  11599.    	  6069.2    	 0.19005    	 0.25331    	  1.6821    	  7.0633    	  141.28    	 1.82077E+05	 0.70591    	  3.0361    	  127.45    	  24.277    	  57.658    	  1985.0    
   1461.00    	  8.1096    	  40281.    	  40.281    	  7344.9    	  2013.3    	  5331.7    	  6117.9    	  25352.    	  1466.3    	  42172.    	  22067.    	  8652.6    	  1895.0    	  862.20    	 1.07770E+05	  24964.    	  10443.    	  802.27    	  11476.    	  6004.9    	 0.18232    	 0.25424    	  1.6828    	  7.3555    	  141.31    	 1.80147E+05	 0.69400    	  3.1688    	  126.10    	  24.020    	  57.047    	  1986.0    
   1826.00    	  9.1096    	  40528.    	  40.528    	  7384.8    	  2036.9    	  5347.9    	  6075.4    	  25679.    	  1388.8    	  53566.    	  28029.    	  8587.7    	  2213.0    	  840.07    	 1.07549E+05	  24486.    	  10926.    	  843.31    	  11392.    	  5960.8    	 0.17985    	 0.25615    	  1.6815    	  7.4154    	  141.22    	 1.78825E+05	 0.69411    	  2.6936    	  125.18    	  23.843    	  56.628    	  1987.0    
   2192.00    	  10.112    	  41058.    	  41.058    	  7421.5    	  2041.2    	  5380.2    	  6333.7    	  25780.    	  1523.0    	  65290.    	  34164.    	  8330.7    	  2311.0    	  810.32    	 1.09741E+05	  25075.    	  10896.    	  840.98    	  11730.    	  6137.6    	 0.18247    	 0.25733    	  1.6813    	  7.5892    	  141.26    	 1.84127E+05	 0.73674    	  2.6558    	  128.89    	  24.550    	  58.307    	  1988.0    
   2557.00    	  11.112    	  41081.    	  41.081    	  7467.6    	  2055.3    	  5412.3    	  6196.5    	  25996.    	  1421.2    	  77207.    	  40399.    	  8407.2    	  2056.0    	  827.76    	 1.08654E+05	  25276.    	  11379.    	  872.93    	  11916.    	  6234.9    	 0.18549    	 0.25936    	  1.6812    	  7.6381    	  141.28    	 1.87048E+05	 0.74162    	  3.0326    	  130.93    	  24.940    	  59.232    	  1989.0    
   2922.00    	  12.112    	  42173.    	  42.173    	  7606.3    	  2088.0    	  5518.4    	  6487.6    	  26519.    	  1559.5    	  89121.    	  46633.    	  8511.3    	  2523.0    	  825.50    	 1.08394E+05	  25915.    	  10964.    	  844.40    	  11917.    	  6235.4    	 0.18039    	 0.25382    	  1.6821    	  7.7610    	  141.28    	 1.87062E+05	 0.73261    	  2.4714    	  130.94    	  24.942    	  59.236    	  1990.0    
   3287.00    	  13.112    	  42549.    	  42.549    	  7740.4    	  2117.3    	  5623.1    	  6399.6    	  26970.    	  1439.8    	 1.01080E+05	  52891.    	  8358.3    	  1879.0    	  829.23    	 1.07072E+05	  25882.    	  11531.    	  889.40    	  11954.    	  6254.8    	 0.17969    	 0.25507    	  1.6811    	  7.8720    	  141.25    	 1.87643E+05	 0.74833    	  3.3288    	  131.35    	  25.019    	  59.420    	  1991.0    
   3653.00    	  14.115    	  43768.    	  43.768    	  7852.9    	  2140.1    	  5712.8    	  6867.6    	  27368.    	  1679.8    	 1.13304E+05	  59287.    	  8569.8    	  1968.0    	  850.77    	 1.08384E+05	  26747.    	  11290.    	  874.98    	  12231.    	  6400.1    	 0.17820    	 0.25218    	  1.6811    	  8.0782    	  141.27    	 1.92004E+05	 0.74682    	  3.2521    	  134.40    	  25.601    	  60.801    	  1992.0    
   4018.00    	  15.115    	  44095.    	  44.095    	  7965.8    	  2171.2    	  5794.6    	  6706.8    	  27842.    	  1580.1    	 1.25791E+05	  65821.    	  8734.1    	  1912.0    	  863.24    	 1.07777E+05	  27007.    	  12115.    	  922.40    	  12487.    	  6533.8    	 0.18085    	 0.25493    	  1.6829    	  8.2158    	  141.30    	 1.96013E+05	 0.74808    	  3.4172    	  137.21    	  26.135    	  62.071    	  1993.0    




